should have 10 replicas:
  1: |
    apiVersion: apps/v1
    kind: Deployment
    metadata:
      labels:
        app.kubernetes.io/instance: RELEASE-NAME
        app.kubernetes.io/managed-by: Tiller
        app.kubernetes.io/name: fuzzball
        app.kubernetes.io/version: 0.2.0
        helm.sh/chart: fuzzball-0.4.0
      name: RELEASE-NAME-fuzzball
    spec:
      replicas: 10
      selector:
        matchLabels:
          app.kubernetes.io/instance: RELEASE-NAME
          app.kubernetes.io/name: fuzzball
      template:
        metadata:
          labels:
            app.kubernetes.io/instance: RELEASE-NAME
            app.kubernetes.io/name: fuzzball
        spec:
          containers:
          - env:
            - name: MONGO_URI
              value: mongodb://server:changeme@RELEASE-NAME-mongodb/server
            - name: NATS_URIS
              value: nats://server:changeme@RELEASE-NAME-nats-client
            - name: REDIS_URI
              value: redis://:changeme@RELEASE-NAME-redis-master
            image: server:0.2.0
            imagePullPolicy: IfNotPresent
            name: fuzzball
            ports:
            - containerPort: 8080
              name: http
              protocol: TCP
            resources: {}
            securityContext: {}
          securityContext: {}
          serviceAccountName: RELEASE-NAME-fuzzball
should have OAuth2 audience 'AudienceOverride':
  1: |
    apiVersion: apps/v1
    kind: Deployment
    metadata:
      labels:
        app.kubernetes.io/instance: RELEASE-NAME
        app.kubernetes.io/managed-by: Tiller
        app.kubernetes.io/name: fuzzball
        app.kubernetes.io/version: 0.2.0
        helm.sh/chart: fuzzball-0.4.0
      name: RELEASE-NAME-fuzzball
    spec:
      replicas: 1
      selector:
        matchLabels:
          app.kubernetes.io/instance: RELEASE-NAME
          app.kubernetes.io/name: fuzzball
      template:
        metadata:
          labels:
            app.kubernetes.io/instance: RELEASE-NAME
            app.kubernetes.io/name: fuzzball
        spec:
          containers:
          - env:
            - name: MONGO_URI
              value: mongodb://server:changeme@RELEASE-NAME-mongodb/server
            - name: NATS_URIS
              value: nats://server:changeme@RELEASE-NAME-nats-client
            - name: OAUTH2_AUDIENCE
              value: AudienceOverride
            - name: REDIS_URI
              value: redis://:changeme@RELEASE-NAME-redis-master
            image: server:0.2.0
            imagePullPolicy: IfNotPresent
            name: fuzzball
            ports:
            - containerPort: 8080
              name: http
              protocol: TCP
            resources: {}
            securityContext: {}
          securityContext: {}
          serviceAccountName: RELEASE-NAME-fuzzball
should have OAuth2 issuer 'IssuerOverride':
  1: |
    apiVersion: apps/v1
    kind: Deployment
    metadata:
      labels:
        app.kubernetes.io/instance: RELEASE-NAME
        app.kubernetes.io/managed-by: Tiller
        app.kubernetes.io/name: fuzzball
        app.kubernetes.io/version: 0.2.0
        helm.sh/chart: fuzzball-0.4.0
      name: RELEASE-NAME-fuzzball
    spec:
      replicas: 1
      selector:
        matchLabels:
          app.kubernetes.io/instance: RELEASE-NAME
          app.kubernetes.io/name: fuzzball
      template:
        metadata:
          labels:
            app.kubernetes.io/instance: RELEASE-NAME
            app.kubernetes.io/name: fuzzball
        spec:
          containers:
          - env:
            - name: MONGO_URI
              value: mongodb://server:changeme@RELEASE-NAME-mongodb/server
            - name: NATS_URIS
              value: nats://server:changeme@RELEASE-NAME-nats-client
            - name: OAUTH2_ISSUER_URI
              value: IssuerOverride
            - name: REDIS_URI
              value: redis://:changeme@RELEASE-NAME-redis-master
            image: server:0.2.0
            imagePullPolicy: IfNotPresent
            name: fuzzball
            ports:
            - containerPort: 8080
              name: http
              protocol: TCP
            resources: {}
            securityContext: {}
          securityContext: {}
          serviceAccountName: RELEASE-NAME-fuzzball
should have affinity:
  1: |
    apiVersion: apps/v1
    kind: Deployment
    metadata:
      labels:
        app.kubernetes.io/instance: RELEASE-NAME
        app.kubernetes.io/managed-by: Tiller
        app.kubernetes.io/name: fuzzball
        app.kubernetes.io/version: 0.2.0
        helm.sh/chart: fuzzball-0.4.0
      name: RELEASE-NAME-fuzzball
    spec:
      replicas: 1
      selector:
        matchLabels:
          app.kubernetes.io/instance: RELEASE-NAME
          app.kubernetes.io/name: fuzzball
      template:
        metadata:
          labels:
            app.kubernetes.io/instance: RELEASE-NAME
            app.kubernetes.io/name: fuzzball
        spec:
          affinity:
            podAntiAffinity:
              requiredDuringSchedulingIgnoredDuringExecution:
              - labelSelector:
                  matchExpressions:
                  - key: app
                    operator: In
                    values:
                    - store
                topologyKey: kubernetes.io/hostname
          containers:
          - env:
            - name: MONGO_URI
              value: mongodb://server:changeme@RELEASE-NAME-mongodb/server
            - name: NATS_URIS
              value: nats://server:changeme@RELEASE-NAME-nats-client
            - name: REDIS_URI
              value: redis://:changeme@RELEASE-NAME-redis-master
            image: server:0.2.0
            imagePullPolicy: IfNotPresent
            name: fuzzball
            ports:
            - containerPort: 8080
              name: http
              protocol: TCP
            resources: {}
            securityContext: {}
          securityContext: {}
          serviceAccountName: RELEASE-NAME-fuzzball
should have image 'repo':
  1: |
    apiVersion: apps/v1
    kind: Deployment
    metadata:
      labels:
        app.kubernetes.io/instance: RELEASE-NAME
        app.kubernetes.io/managed-by: Tiller
        app.kubernetes.io/name: fuzzball
        app.kubernetes.io/version: 0.2.0
        helm.sh/chart: fuzzball-0.4.0
      name: RELEASE-NAME-fuzzball
    spec:
      replicas: 1
      selector:
        matchLabels:
          app.kubernetes.io/instance: RELEASE-NAME
          app.kubernetes.io/name: fuzzball
      template:
        metadata:
          labels:
            app.kubernetes.io/instance: RELEASE-NAME
            app.kubernetes.io/name: fuzzball
        spec:
          containers:
          - env:
            - name: MONGO_URI
              value: mongodb://server:changeme@RELEASE-NAME-mongodb/server
            - name: NATS_URIS
              value: nats://server:changeme@RELEASE-NAME-nats-client
            - name: REDIS_URI
              value: redis://:changeme@RELEASE-NAME-redis-master
            image: repo:0.2.0
            imagePullPolicy: IfNotPresent
            name: fuzzball
            ports:
            - containerPort: 8080
              name: http
              protocol: TCP
            resources: {}
            securityContext: {}
          securityContext: {}
          serviceAccountName: RELEASE-NAME-fuzzball
should have image tag 'TagOverride':
  1: |
    apiVersion: apps/v1
    kind: Deployment
    metadata:
      labels:
        app.kubernetes.io/instance: RELEASE-NAME
        app.kubernetes.io/managed-by: Tiller
        app.kubernetes.io/name: fuzzball
        app.kubernetes.io/version: 0.2.0
        helm.sh/chart: fuzzball-0.4.0
      name: RELEASE-NAME-fuzzball
    spec:
      replicas: 1
      selector:
        matchLabels:
          app.kubernetes.io/instance: RELEASE-NAME
          app.kubernetes.io/name: fuzzball
      template:
        metadata:
          labels:
            app.kubernetes.io/instance: RELEASE-NAME
            app.kubernetes.io/name: fuzzball
        spec:
          containers:
          - env:
            - name: MONGO_URI
              value: mongodb://server:changeme@RELEASE-NAME-mongodb/server
            - name: NATS_URIS
              value: nats://server:changeme@RELEASE-NAME-nats-client
            - name: REDIS_URI
              value: redis://:changeme@RELEASE-NAME-redis-master
            image: server:TagOverride
            imagePullPolicy: IfNotPresent
            name: fuzzball
            ports:
            - containerPort: 8080
              name: http
              protocol: TCP
            resources: {}
            securityContext: {}
          securityContext: {}
          serviceAccountName: RELEASE-NAME-fuzzball
should have imagePullPolicy 'Always':
  1: |
    apiVersion: apps/v1
    kind: Deployment
    metadata:
      labels:
        app.kubernetes.io/instance: RELEASE-NAME
        app.kubernetes.io/managed-by: Tiller
        app.kubernetes.io/name: fuzzball
        app.kubernetes.io/version: 0.2.0
        helm.sh/chart: fuzzball-0.4.0
      name: RELEASE-NAME-fuzzball
    spec:
      replicas: 1
      selector:
        matchLabels:
          app.kubernetes.io/instance: RELEASE-NAME
          app.kubernetes.io/name: fuzzball
      template:
        metadata:
          labels:
            app.kubernetes.io/instance: RELEASE-NAME
            app.kubernetes.io/name: fuzzball
        spec:
          containers:
          - env:
            - name: MONGO_URI
              value: mongodb://server:changeme@RELEASE-NAME-mongodb/server
            - name: NATS_URIS
              value: nats://server:changeme@RELEASE-NAME-nats-client
            - name: REDIS_URI
              value: redis://:changeme@RELEASE-NAME-redis-master
            image: server:0.2.0
            imagePullPolicy: Always
            name: fuzzball
            ports:
            - containerPort: 8080
              name: http
              protocol: TCP
            resources: {}
            securityContext: {}
          securityContext: {}
          serviceAccountName: RELEASE-NAME-fuzzball
should have imagePullSecrets:
  1: |
    apiVersion: apps/v1
    kind: Deployment
    metadata:
      labels:
        app.kubernetes.io/instance: RELEASE-NAME
        app.kubernetes.io/managed-by: Tiller
        app.kubernetes.io/name: fuzzball
        app.kubernetes.io/version: 0.2.0
        helm.sh/chart: fuzzball-0.4.0
      name: RELEASE-NAME-fuzzball
    spec:
      replicas: 1
      selector:
        matchLabels:
          app.kubernetes.io/instance: RELEASE-NAME
          app.kubernetes.io/name: fuzzball
      template:
        metadata:
          labels:
            app.kubernetes.io/instance: RELEASE-NAME
            app.kubernetes.io/name: fuzzball
        spec:
          containers:
          - env:
            - name: MONGO_URI
              value: mongodb://server:changeme@RELEASE-NAME-mongodb/server
            - name: NATS_URIS
              value: nats://server:changeme@RELEASE-NAME-nats-client
            - name: REDIS_URI
              value: redis://:changeme@RELEASE-NAME-redis-master
            image: server:0.2.0
            imagePullPolicy: IfNotPresent
            name: fuzzball
            ports:
            - containerPort: 8080
              name: http
              protocol: TCP
            resources: {}
            securityContext: {}
          imagePullSecrets:
          - name: regcred
          securityContext: {}
          serviceAccountName: RELEASE-NAME-fuzzball
should have name 'NameOverride':
  1: |
    apiVersion: apps/v1
    kind: Deployment
    metadata:
      labels:
        app.kubernetes.io/instance: RELEASE-NAME
        app.kubernetes.io/managed-by: Tiller
        app.kubernetes.io/name: fuzzball
        app.kubernetes.io/version: 0.2.0
        helm.sh/chart: fuzzball-0.4.0
      name: NameOverride
    spec:
      replicas: 1
      selector:
        matchLabels:
          app.kubernetes.io/instance: RELEASE-NAME
          app.kubernetes.io/name: fuzzball
      template:
        metadata:
          labels:
            app.kubernetes.io/instance: RELEASE-NAME
            app.kubernetes.io/name: fuzzball
        spec:
          containers:
          - env:
            - name: MONGO_URI
              value: mongodb://server:changeme@RELEASE-NAME-mongodb/server
            - name: NATS_URIS
              value: nats://server:changeme@RELEASE-NAME-nats-client
            - name: REDIS_URI
              value: redis://:changeme@RELEASE-NAME-redis-master
            image: server:0.2.0
            imagePullPolicy: IfNotPresent
            name: fuzzball
            ports:
            - containerPort: 8080
              name: http
              protocol: TCP
            resources: {}
            securityContext: {}
          securityContext: {}
          serviceAccountName: NameOverride
should have name 'RELEASE-NAME-NameOverride':
  1: |
    apiVersion: apps/v1
    kind: Deployment
    metadata:
      labels:
        app.kubernetes.io/instance: RELEASE-NAME
        app.kubernetes.io/managed-by: Tiller
        app.kubernetes.io/name: NameOverride
        app.kubernetes.io/version: 0.2.0
        helm.sh/chart: fuzzball-0.4.0
      name: RELEASE-NAME-NameOverride
    spec:
      replicas: 1
      selector:
        matchLabels:
          app.kubernetes.io/instance: RELEASE-NAME
          app.kubernetes.io/name: NameOverride
      template:
        metadata:
          labels:
            app.kubernetes.io/instance: RELEASE-NAME
            app.kubernetes.io/name: NameOverride
        spec:
          containers:
          - env:
            - name: MONGO_URI
              value: mongodb://server:changeme@RELEASE-NAME-mongodb/server
            - name: NATS_URIS
              value: nats://server:changeme@RELEASE-NAME-nats-client
            - name: REDIS_URI
              value: redis://:changeme@RELEASE-NAME-redis-master
            image: server:0.2.0
            imagePullPolicy: IfNotPresent
            name: fuzzball
            ports:
            - containerPort: 8080
              name: http
              protocol: TCP
            resources: {}
            securityContext: {}
          securityContext: {}
          serviceAccountName: RELEASE-NAME-NameOverride
should have nodeSelector:
  1: |
    apiVersion: apps/v1
    kind: Deployment
    metadata:
      labels:
        app.kubernetes.io/instance: RELEASE-NAME
        app.kubernetes.io/managed-by: Tiller
        app.kubernetes.io/name: fuzzball
        app.kubernetes.io/version: 0.2.0
        helm.sh/chart: fuzzball-0.4.0
      name: RELEASE-NAME-fuzzball
    spec:
      replicas: 1
      selector:
        matchLabels:
          app.kubernetes.io/instance: RELEASE-NAME
          app.kubernetes.io/name: fuzzball
      template:
        metadata:
          labels:
            app.kubernetes.io/instance: RELEASE-NAME
            app.kubernetes.io/name: fuzzball
        spec:
          containers:
          - env:
            - name: MONGO_URI
              value: mongodb://server:changeme@RELEASE-NAME-mongodb/server
            - name: NATS_URIS
              value: nats://server:changeme@RELEASE-NAME-nats-client
            - name: REDIS_URI
              value: redis://:changeme@RELEASE-NAME-redis-master
            image: server:0.2.0
            imagePullPolicy: IfNotPresent
            name: fuzzball
            ports:
            - containerPort: 8080
              name: http
              protocol: TCP
            resources: {}
            securityContext: {}
          nodeSelector:
            disktype: ssd
          securityContext: {}
          serviceAccountName: RELEASE-NAME-fuzzball
should have podSecurityContext:
  1: |
    apiVersion: apps/v1
    kind: Deployment
    metadata:
      labels:
        app.kubernetes.io/instance: RELEASE-NAME
        app.kubernetes.io/managed-by: Tiller
        app.kubernetes.io/name: fuzzball
        app.kubernetes.io/version: 0.2.0
        helm.sh/chart: fuzzball-0.4.0
      name: RELEASE-NAME-fuzzball
    spec:
      replicas: 1
      selector:
        matchLabels:
          app.kubernetes.io/instance: RELEASE-NAME
          app.kubernetes.io/name: fuzzball
      template:
        metadata:
          labels:
            app.kubernetes.io/instance: RELEASE-NAME
            app.kubernetes.io/name: fuzzball
        spec:
          containers:
          - env:
            - name: MONGO_URI
              value: mongodb://server:changeme@RELEASE-NAME-mongodb/server
            - name: NATS_URIS
              value: nats://server:changeme@RELEASE-NAME-nats-client
            - name: REDIS_URI
              value: redis://:changeme@RELEASE-NAME-redis-master
            image: server:0.2.0
            imagePullPolicy: IfNotPresent
            name: fuzzball
            ports:
            - containerPort: 8080
              name: http
              protocol: TCP
            resources: {}
            securityContext: {}
          securityContext:
            fsGroup: 2000
          serviceAccountName: RELEASE-NAME-fuzzball
should have resource limits:
  1: |
    apiVersion: apps/v1
    kind: Deployment
    metadata:
      labels:
        app.kubernetes.io/instance: RELEASE-NAME
        app.kubernetes.io/managed-by: Tiller
        app.kubernetes.io/name: fuzzball
        app.kubernetes.io/version: 0.2.0
        helm.sh/chart: fuzzball-0.4.0
      name: RELEASE-NAME-fuzzball
    spec:
      replicas: 1
      selector:
        matchLabels:
          app.kubernetes.io/instance: RELEASE-NAME
          app.kubernetes.io/name: fuzzball
      template:
        metadata:
          labels:
            app.kubernetes.io/instance: RELEASE-NAME
            app.kubernetes.io/name: fuzzball
        spec:
          containers:
          - env:
            - name: MONGO_URI
              value: mongodb://server:changeme@RELEASE-NAME-mongodb/server
            - name: NATS_URIS
              value: nats://server:changeme@RELEASE-NAME-nats-client
            - name: REDIS_URI
              value: redis://:changeme@RELEASE-NAME-redis-master
            image: server:0.2.0
            imagePullPolicy: IfNotPresent
            name: fuzzball
            ports:
            - containerPort: 8080
              name: http
              protocol: TCP
            resources:
              limits:
                cpu: 100m
            securityContext: {}
          securityContext: {}
          serviceAccountName: RELEASE-NAME-fuzzball
should have securityContext:
  1: |
    apiVersion: apps/v1
    kind: Deployment
    metadata:
      labels:
        app.kubernetes.io/instance: RELEASE-NAME
        app.kubernetes.io/managed-by: Tiller
        app.kubernetes.io/name: fuzzball
        app.kubernetes.io/version: 0.2.0
        helm.sh/chart: fuzzball-0.4.0
      name: RELEASE-NAME-fuzzball
    spec:
      replicas: 1
      selector:
        matchLabels:
          app.kubernetes.io/instance: RELEASE-NAME
          app.kubernetes.io/name: fuzzball
      template:
        metadata:
          labels:
            app.kubernetes.io/instance: RELEASE-NAME
            app.kubernetes.io/name: fuzzball
        spec:
          containers:
          - env:
            - name: MONGO_URI
              value: mongodb://server:changeme@RELEASE-NAME-mongodb/server
            - name: NATS_URIS
              value: nats://server:changeme@RELEASE-NAME-nats-client
            - name: REDIS_URI
              value: redis://:changeme@RELEASE-NAME-redis-master
            image: server:0.2.0
            imagePullPolicy: IfNotPresent
            name: fuzzball
            ports:
            - containerPort: 8080
              name: http
              protocol: TCP
            resources: {}
            securityContext:
              readOnlyRootFilesystem: true
              runAsNonRoot: true
          securityContext: {}
          serviceAccountName: RELEASE-NAME-fuzzball
should have serviceAccount 'SvcAcctName':
  1: |
    apiVersion: apps/v1
    kind: Deployment
    metadata:
      labels:
        app.kubernetes.io/instance: RELEASE-NAME
        app.kubernetes.io/managed-by: Tiller
        app.kubernetes.io/name: fuzzball
        app.kubernetes.io/version: 0.2.0
        helm.sh/chart: fuzzball-0.4.0
      name: RELEASE-NAME-fuzzball
    spec:
      replicas: 1
      selector:
        matchLabels:
          app.kubernetes.io/instance: RELEASE-NAME
          app.kubernetes.io/name: fuzzball
      template:
        metadata:
          labels:
            app.kubernetes.io/instance: RELEASE-NAME
            app.kubernetes.io/name: fuzzball
        spec:
          containers:
          - env:
            - name: MONGO_URI
              value: mongodb://server:changeme@RELEASE-NAME-mongodb/server
            - name: NATS_URIS
              value: nats://server:changeme@RELEASE-NAME-nats-client
            - name: REDIS_URI
              value: redis://:changeme@RELEASE-NAME-redis-master
            image: server:0.2.0
            imagePullPolicy: IfNotPresent
            name: fuzzball
            ports:
            - containerPort: 8080
              name: http
              protocol: TCP
            resources: {}
            securityContext: {}
          securityContext: {}
          serviceAccountName: SvcAcctName
should have serviceAccount 'default':
  1: |
    apiVersion: apps/v1
    kind: Deployment
    metadata:
      labels:
        app.kubernetes.io/instance: RELEASE-NAME
        app.kubernetes.io/managed-by: Tiller
        app.kubernetes.io/name: fuzzball
        app.kubernetes.io/version: 0.2.0
        helm.sh/chart: fuzzball-0.4.0
      name: RELEASE-NAME-fuzzball
    spec:
      replicas: 1
      selector:
        matchLabels:
          app.kubernetes.io/instance: RELEASE-NAME
          app.kubernetes.io/name: fuzzball
      template:
        metadata:
          labels:
            app.kubernetes.io/instance: RELEASE-NAME
            app.kubernetes.io/name: fuzzball
        spec:
          containers:
          - env:
            - name: MONGO_URI
              value: mongodb://server:changeme@RELEASE-NAME-mongodb/server
            - name: NATS_URIS
              value: nats://server:changeme@RELEASE-NAME-nats-client
            - name: REDIS_URI
              value: redis://:changeme@RELEASE-NAME-redis-master
            image: server:0.2.0
            imagePullPolicy: IfNotPresent
            name: fuzzball
            ports:
            - containerPort: 8080
              name: http
              protocol: TCP
            resources: {}
            securityContext: {}
          securityContext: {}
          serviceAccountName: default
should have tolerations:
  1: |
    apiVersion: apps/v1
    kind: Deployment
    metadata:
      labels:
        app.kubernetes.io/instance: RELEASE-NAME
        app.kubernetes.io/managed-by: Tiller
        app.kubernetes.io/name: fuzzball
        app.kubernetes.io/version: 0.2.0
        helm.sh/chart: fuzzball-0.4.0
      name: RELEASE-NAME-fuzzball
    spec:
      replicas: 1
      selector:
        matchLabels:
          app.kubernetes.io/instance: RELEASE-NAME
          app.kubernetes.io/name: fuzzball
      template:
        metadata:
          labels:
            app.kubernetes.io/instance: RELEASE-NAME
            app.kubernetes.io/name: fuzzball
        spec:
          containers:
          - env:
            - name: MONGO_URI
              value: mongodb://server:changeme@RELEASE-NAME-mongodb/server
            - name: NATS_URIS
              value: nats://server:changeme@RELEASE-NAME-nats-client
            - name: REDIS_URI
              value: redis://:changeme@RELEASE-NAME-redis-master
            image: server:0.2.0
            imagePullPolicy: IfNotPresent
            name: fuzzball
            ports:
            - containerPort: 8080
              name: http
              protocol: TCP
            resources: {}
            securityContext: {}
          securityContext: {}
          serviceAccountName: RELEASE-NAME-fuzzball
          tolerations:
          - effect: NoSchedule
            key: example-key
            operator: Exists
should render by default:
  1: |
    apiVersion: apps/v1
    kind: Deployment
    metadata:
      labels:
        app.kubernetes.io/instance: RELEASE-NAME
        app.kubernetes.io/managed-by: Tiller
        app.kubernetes.io/name: fuzzball
        app.kubernetes.io/version: 0.2.0
        helm.sh/chart: fuzzball-0.4.0
      name: RELEASE-NAME-fuzzball
    spec:
      replicas: 1
      selector:
        matchLabels:
          app.kubernetes.io/instance: RELEASE-NAME
          app.kubernetes.io/name: fuzzball
      template:
        metadata:
          labels:
            app.kubernetes.io/instance: RELEASE-NAME
            app.kubernetes.io/name: fuzzball
        spec:
          containers:
          - env:
            - name: MONGO_URI
              value: mongodb://server:changeme@RELEASE-NAME-mongodb/server
            - name: NATS_URIS
              value: nats://server:changeme@RELEASE-NAME-nats-client
            - name: REDIS_URI
              value: redis://:changeme@RELEASE-NAME-redis-master
            image: server:0.2.0
            imagePullPolicy: IfNotPresent
            name: fuzzball
            ports:
            - containerPort: 8080
              name: http
              protocol: TCP
            resources: {}
            securityContext: {}
          securityContext: {}
          serviceAccountName: RELEASE-NAME-fuzzball
