should have annotation 'foo:bar':
  1: |
    apiVersion: v1
    kind: ServiceAccount
    metadata:
      annotations:
        foo: bar
      labels:
        app.kubernetes.io/instance: RELEASE-NAME
        app.kubernetes.io/managed-by: Tiller
        app.kubernetes.io/name: fuzzball
        app.kubernetes.io/version: 0.2.0
        helm.sh/chart: fuzzball-0.3.0
      name: RELEASE-NAME-fuzzball
should have name 'NameOverride':
  1: |
    apiVersion: v1
    kind: ServiceAccount
    metadata:
      labels:
        app.kubernetes.io/instance: RELEASE-NAME
        app.kubernetes.io/managed-by: Tiller
        app.kubernetes.io/name: fuzzball
        app.kubernetes.io/version: 0.2.0
        helm.sh/chart: fuzzball-0.3.0
      name: NameOverride
should have name 'RELEASE-NAME-NameOverride':
  1: |
    apiVersion: v1
    kind: ServiceAccount
    metadata:
      labels:
        app.kubernetes.io/instance: RELEASE-NAME
        app.kubernetes.io/managed-by: Tiller
        app.kubernetes.io/name: NameOverride
        app.kubernetes.io/version: 0.2.0
        helm.sh/chart: fuzzball-0.3.0
      name: RELEASE-NAME-NameOverride
should have name 'SvcAcctName':
  1: |
    apiVersion: v1
    kind: ServiceAccount
    metadata:
      labels:
        app.kubernetes.io/instance: RELEASE-NAME
        app.kubernetes.io/managed-by: Tiller
        app.kubernetes.io/name: fuzzball
        app.kubernetes.io/version: 0.2.0
        helm.sh/chart: fuzzball-0.3.0
      name: SvcAcctName
should render by default:
  1: |
    apiVersion: v1
    kind: ServiceAccount
    metadata:
      labels:
        app.kubernetes.io/instance: RELEASE-NAME
        app.kubernetes.io/managed-by: Tiller
        app.kubernetes.io/name: fuzzball
        app.kubernetes.io/version: 0.2.0
        helm.sh/chart: fuzzball-0.3.0
      name: RELEASE-NAME-fuzzball
